<html>
<body>
<pre>
<h1>µVision Build Log</h1>
<h2>Project:</h2>
C:\Users\Barrett\Documents\GitHub\Lab6-Jared-Barrett\Lab6.uvproj
Project File Date:  03/20/2018

<h2>Output:</h2>
Rebuild target 'Lab6'
assembling startup.s...
compiling Sound.c...
compiling piano.c...
compiling dac.c...
compiling Lab6.c...
Lab6.c(47): warning:  #177-D: variable "Data" was declared but never referenced
        unsigned long Data; // 0 to 15 DAC output
Lab6.c: 1 warning, 0 errors
linking...
Program Size: Code=6388 RO-data=9592 RW-data=116 ZI-data=1820  
".\Lab6.axf" - 0 Error(s), 1 Warning(s).
Load "C:\\Users\\Barrett\\Documents\\GitHub\\Lab6-Jared-Barrett\\Lab6.axf" 
Connecting: Mode=JTAG, Speed=1000000Hz
Erase Done.
Programming Done.
Verify OK.
