<html>
<body>
<pre>
<h1>µVision Build Log</h1>
<h2>Project:</h2>
C:\Users\Barrett\Documents\GitHub\Lab6-Jared-Barrett\Lab6.uvproj
Project File Date:  03/21/2018

<h2>Output:</h2>
Build target 'Lab6'
linking...
Program Size: Code=6324 RO-data=9592 RW-data=120 ZI-data=1816  
".\Lab6.axf" - 0 Error(s), 0 Warning(s).
...
Program Size: Code=6324 RO-data=9592 RW-data=120 ZI-data=1816  
".\Lab6.axf" - 0 Error(s), 0 Warning(s).
Load "C:\\Users\\Barrett\\Documents\\GitHub\\Lab6-Jared-Barrett\\Lab6.axf" 
Connecting: Mode=JTAG, Speed=1000000Hz
Erase Done.
Programming Done.
Verify OK.
rning(s).
Target not created
